../Core/Src/main.c:99:5:main	8	static
../Core/Src/main.c:186:6:SystemClock_Config	88	static
../Core/Src/main.c:234:13:MX_ADC1_Init	24	static
../Core/Src/main.c:286:13:MX_DAC_Init	16	static
../Core/Src/main.c:326:13:MX_I2C1_Init	8	static
../Core/Src/main.c:360:13:MX_SPI1_Init	8	static
../Core/Src/main.c:398:13:MX_TIM4_Init	48	static
../Core/Src/main.c:447:13:MX_USART2_UART_Init	8	static
../Core/Src/main.c:478:13:MX_DMA_Init	16	static
../Core/Src/main.c:496:13:MX_GPIO_Init	48	static
../Core/Src/main.c:561:6:StartDefaultTask	16	static
../Core/Src/main.c:580:6:HAL_TIM_PeriodElapsedCallback	16	static
../Core/Src/main.c:598:6:Error_Handler	4	static,ignoring_inline_asm
